10
5
3.14159
2.71828
Hello
World
true
false
15
75
6.28318