x is greater than y
x is less than 15
Grade: B
Both x and y are positive
Not equal