[1, 2, 3, 4, 5]
[1, 2, 3, 4, 5, 6]
[1, 2, 4, 5, 6]
[1, 10, 2, 4, 5, 6]
[1, 10, 2, 40, 5, 6]
[1, 10, 2, 40, 50, 6]
6
10
['H', 'e', 'l', 'l', 'o']
[1, 10, 2, 40, 50, 6, 200]
5
0
[1, 10, 2, 40, 50, 6, 200]
50
1