Hello World
Hello World!
Hell Wrld!
Hello Wrld!
HeLlo Wrld!
HeLLo WrLd!
11
Hello Hello Hello
Hi Hello Hello
Hi Hey Hey
5
0
y
H