Hello from function!
Hello, Alice!
Hello, Bob!
Adding 5 and 3
Sum is: 8
3.14 pi
5.0 result
6
