Random float between 0 and 1: 0.5714025946899135
Random fruit: grape
Three random fruits:
grape
mango
apple
Random character from HELLO: E
Five random numbers between 0 and 1:
0.4912964241474037
0.2775206614544431
0.8106187891977247
0.034403573875645965
0.4900855818969966
Random dice roll (1-6): 6
Random number between 10 and 20: 19
Rolling five dice:
Roll 1: 5
Roll 2: 3
Roll 3: 3
Roll 4: 1
Roll 5: 3