HELLO, WORLD!
hello, world!
13
Hello
Hell0, W0rld!
['a', 'b', 'c']
x,y,z
true
true
true
HaHaHa
!dlroW ,olleH
Hello
00042
42000
Hello world
Hello World
4.0
8.0
42.5
3
4
3.14
1
5
0.0
1.0
0.0
0.0
0.0
0.0
1.0
2.0
2.718281828459045
3.141592653589793
2.718281828459045
120
6
144
true
180.0
3.141592653589793
0.6394267984578837
1
6
5
[3, 5, 2, 4, 1]
[2, 4, 5]
true
true
true
true
true
int
42
3.14
42
true
[1, 1, 2, 3, 3, 4, 5, 5, 6, 9]
[9, 6, 5, 5, 4, 3, 3, 2, 1, 1]
[3, 5, 6, 2, 9, 5, 1, 4, 1, 3]
5
2
39
3.9
[(1, 4), (2, 5), (3, 6)]
[(0, 'a'), (1, 'b'), (2, 'c')]
[4, 1, 5]
[1, 2, 3, 4, 5, 6]
[3, 1, 4, 5, 9, 2, 6]
???
???
???
true
Hello, World!
true
13
true
true
true
???
???
Hello from Pepper